###############################################################################
#
# IAR ELF Linker V7.20.2.7424/W32 for ARM                 15/Feb/2015  21:34:43
# Copyright 2007-2014 IAR Systems AB.
#
#    Output file  =  
#        \\vmware-host\Shared
#        Folders\Documents\Developer\SniperLocator\spec_sensor
#        2\Projects\EWARM\spec_sensor Configuration\Exe\spec_sensor
#        Configuration.out
#    Map file     =  
#        \\vmware-host\Shared
#        Folders\Documents\Developer\SniperLocator\spec_sensor
#        2\Projects\EWARM\spec_sensor Configuration/List\spec_sensor
#        Configuration.map
#    Command line =  
#        "\\vmware-host\Shared
#        Folders\Documents\Developer\SniperLocator\spec_sensor
#        2\Projects\EWARM\spec_sensor Configuration\Obj\cmsis_os.o"
#        "\\vmware-host\Shared
#        Folders\Documents\Developer\SniperLocator\spec_sensor
#        2\Projects\EWARM\spec_sensor Configuration\Obj\croutine.o"
#        "\\vmware-host\Shared
#        Folders\Documents\Developer\SniperLocator\spec_sensor
#        2\Projects\EWARM\spec_sensor Configuration\Obj\freertos.o"
#        "\\vmware-host\Shared
#        Folders\Documents\Developer\SniperLocator\spec_sensor
#        2\Projects\EWARM\spec_sensor Configuration\Obj\heap_4.o"
#        "\\vmware-host\Shared
#        Folders\Documents\Developer\SniperLocator\spec_sensor
#        2\Projects\EWARM\spec_sensor Configuration\Obj\list.o"
#        "\\vmware-host\Shared
#        Folders\Documents\Developer\SniperLocator\spec_sensor
#        2\Projects\EWARM\spec_sensor Configuration\Obj\main.o"
#        "\\vmware-host\Shared
#        Folders\Documents\Developer\SniperLocator\spec_sensor
#        2\Projects\EWARM\spec_sensor Configuration\Obj\port.o"
#        "\\vmware-host\Shared
#        Folders\Documents\Developer\SniperLocator\spec_sensor
#        2\Projects\EWARM\spec_sensor Configuration\Obj\portasm.o"
#        "\\vmware-host\Shared
#        Folders\Documents\Developer\SniperLocator\spec_sensor
#        2\Projects\EWARM\spec_sensor Configuration\Obj\queue.o"
#        "\\vmware-host\Shared
#        Folders\Documents\Developer\SniperLocator\spec_sensor
#        2\Projects\EWARM\spec_sensor Configuration\Obj\startup_stm32f407xx.o"
#        "\\vmware-host\Shared
#        Folders\Documents\Developer\SniperLocator\spec_sensor
#        2\Projects\EWARM\spec_sensor Configuration\Obj\stm32f4xx_hal.o"
#        "\\vmware-host\Shared
#        Folders\Documents\Developer\SniperLocator\spec_sensor
#        2\Projects\EWARM\spec_sensor Configuration\Obj\stm32f4xx_hal_adc.o"
#        "\\vmware-host\Shared
#        Folders\Documents\Developer\SniperLocator\spec_sensor
#        2\Projects\EWARM\spec_sensor Configuration\Obj\stm32f4xx_hal_adc_ex.o"
#        "\\vmware-host\Shared
#        Folders\Documents\Developer\SniperLocator\spec_sensor
#        2\Projects\EWARM\spec_sensor Configuration\Obj\stm32f4xx_hal_cortex.o"
#        "\\vmware-host\Shared
#        Folders\Documents\Developer\SniperLocator\spec_sensor
#        2\Projects\EWARM\spec_sensor Configuration\Obj\stm32f4xx_hal_dma.o"
#        "\\vmware-host\Shared
#        Folders\Documents\Developer\SniperLocator\spec_sensor
#        2\Projects\EWARM\spec_sensor Configuration\Obj\stm32f4xx_hal_dma_ex.o"
#        "\\vmware-host\Shared
#        Folders\Documents\Developer\SniperLocator\spec_sensor
#        2\Projects\EWARM\spec_sensor Configuration\Obj\stm32f4xx_hal_flash.o"
#        "\\vmware-host\Shared
#        Folders\Documents\Developer\SniperLocator\spec_sensor
#        2\Projects\EWARM\spec_sensor
#        Configuration\Obj\stm32f4xx_hal_flash_ex.o" "\\vmware-host\Shared
#        Folders\Documents\Developer\SniperLocator\spec_sensor
#        2\Projects\EWARM\spec_sensor
#        Configuration\Obj\stm32f4xx_hal_flash_ramfunc.o" "\\vmware-host\Shared
#        Folders\Documents\Developer\SniperLocator\spec_sensor
#        2\Projects\EWARM\spec_sensor Configuration\Obj\stm32f4xx_hal_gpio.o"
#        "\\vmware-host\Shared
#        Folders\Documents\Developer\SniperLocator\spec_sensor
#        2\Projects\EWARM\spec_sensor Configuration\Obj\stm32f4xx_hal_i2c.o"
#        "\\vmware-host\Shared
#        Folders\Documents\Developer\SniperLocator\spec_sensor
#        2\Projects\EWARM\spec_sensor Configuration\Obj\stm32f4xx_hal_i2c_ex.o"
#        "\\vmware-host\Shared
#        Folders\Documents\Developer\SniperLocator\spec_sensor
#        2\Projects\EWARM\spec_sensor Configuration\Obj\stm32f4xx_hal_i2s.o"
#        "\\vmware-host\Shared
#        Folders\Documents\Developer\SniperLocator\spec_sensor
#        2\Projects\EWARM\spec_sensor Configuration\Obj\stm32f4xx_hal_i2s_ex.o"
#        "\\vmware-host\Shared
#        Folders\Documents\Developer\SniperLocator\spec_sensor
#        2\Projects\EWARM\spec_sensor Configuration\Obj\stm32f4xx_hal_msp.o"
#        "\\vmware-host\Shared
#        Folders\Documents\Developer\SniperLocator\spec_sensor
#        2\Projects\EWARM\spec_sensor Configuration\Obj\stm32f4xx_hal_pcd.o"
#        "\\vmware-host\Shared
#        Folders\Documents\Developer\SniperLocator\spec_sensor
#        2\Projects\EWARM\spec_sensor Configuration\Obj\stm32f4xx_hal_pcd_ex.o"
#        "\\vmware-host\Shared
#        Folders\Documents\Developer\SniperLocator\spec_sensor
#        2\Projects\EWARM\spec_sensor Configuration\Obj\stm32f4xx_hal_pwr.o"
#        "\\vmware-host\Shared
#        Folders\Documents\Developer\SniperLocator\spec_sensor
#        2\Projects\EWARM\spec_sensor Configuration\Obj\stm32f4xx_hal_pwr_ex.o"
#        "\\vmware-host\Shared
#        Folders\Documents\Developer\SniperLocator\spec_sensor
#        2\Projects\EWARM\spec_sensor Configuration\Obj\stm32f4xx_hal_rcc.o"
#        "\\vmware-host\Shared
#        Folders\Documents\Developer\SniperLocator\spec_sensor
#        2\Projects\EWARM\spec_sensor Configuration\Obj\stm32f4xx_hal_rcc_ex.o"
#        "\\vmware-host\Shared
#        Folders\Documents\Developer\SniperLocator\spec_sensor
#        2\Projects\EWARM\spec_sensor Configuration\Obj\stm32f4xx_hal_spi.o"
#        "\\vmware-host\Shared
#        Folders\Documents\Developer\SniperLocator\spec_sensor
#        2\Projects\EWARM\spec_sensor Configuration\Obj\stm32f4xx_it.o"
#        "\\vmware-host\Shared
#        Folders\Documents\Developer\SniperLocator\spec_sensor
#        2\Projects\EWARM\spec_sensor Configuration\Obj\stm32f4xx_ll_usb.o"
#        "\\vmware-host\Shared
#        Folders\Documents\Developer\SniperLocator\spec_sensor
#        2\Projects\EWARM\spec_sensor Configuration\Obj\system_stm32f4xx.o"
#        "\\vmware-host\Shared
#        Folders\Documents\Developer\SniperLocator\spec_sensor
#        2\Projects\EWARM\spec_sensor Configuration\Obj\tasks.o"
#        "\\vmware-host\Shared
#        Folders\Documents\Developer\SniperLocator\spec_sensor
#        2\Projects\EWARM\spec_sensor Configuration\Obj\timers.o"
#        "\\vmware-host\Shared
#        Folders\Documents\Developer\SniperLocator\spec_sensor
#        2\Projects\EWARM\spec_sensor Configuration\Obj\usb_device.o"
#        "\\vmware-host\Shared
#        Folders\Documents\Developer\SniperLocator\spec_sensor
#        2\Projects\EWARM\spec_sensor Configuration\Obj\usbd_cdc.o"
#        "\\vmware-host\Shared
#        Folders\Documents\Developer\SniperLocator\spec_sensor
#        2\Projects\EWARM\spec_sensor Configuration\Obj\usbd_cdc_if.o"
#        "\\vmware-host\Shared
#        Folders\Documents\Developer\SniperLocator\spec_sensor
#        2\Projects\EWARM\spec_sensor Configuration\Obj\usbd_conf.o"
#        "\\vmware-host\Shared
#        Folders\Documents\Developer\SniperLocator\spec_sensor
#        2\Projects\EWARM\spec_sensor Configuration\Obj\usbd_core.o"
#        "\\vmware-host\Shared
#        Folders\Documents\Developer\SniperLocator\spec_sensor
#        2\Projects\EWARM\spec_sensor Configuration\Obj\usbd_ctlreq.o"
#        "\\vmware-host\Shared
#        Folders\Documents\Developer\SniperLocator\spec_sensor
#        2\Projects\EWARM\spec_sensor Configuration\Obj\usbd_desc.o"
#        "\\vmware-host\Shared
#        Folders\Documents\Developer\SniperLocator\spec_sensor
#        2\Projects\EWARM\spec_sensor Configuration\Obj\usbd_ioreq.o"
#        --redirect _Printf=_PrintfFull --redirect _Scanf=_ScanfFull -o
#        "\\vmware-host\Shared
#        Folders\Documents\Developer\SniperLocator\spec_sensor
#        2\Projects\EWARM\spec_sensor Configuration\Exe\spec_sensor
#        Configuration.out" --map "\\vmware-host\Shared
#        Folders\Documents\Developer\SniperLocator\spec_sensor
#        2\Projects\EWARM\spec_sensor Configuration/List\spec_sensor
#        Configuration.map" --config "C:\Program Files (x86)\IAR
#        Systems\Embedded Workbench 7.0\arm\config\linker\ST\stm32f407xG.icf"
#        --semihosting --entry __iar_program_start --vfe
#
###############################################################################

*******************************************************************************
*** RUNTIME MODEL ATTRIBUTES
***

CppFlavor       = *
__Heap_Handler  = DLMalloc
__SystemLibrary = DLib


*******************************************************************************
*** PLACEMENT SUMMARY
***

"A1":  place at 0x08000000 { ro section .intvec };
"P1":  place in [from 0x08000000 to 0x080fffff] { ro };
"P2":  place in [from 0x20000000 to 0x2001ffff] { rw, block CSTACK, block HEAP };

  Section            Kind        Address    Size  Object
  -------            ----        -------    ----  ------
"A1":                                      0x188
  .intvec            ro code  0x08000000   0x188  startup_stm32f407xx.o [1]
                            - 0x08000188   0x188

"P1":                                     0x5ede
  .text              ro code  0x08000188  0x1500  dlmalloc.o [3]
  .text              ro code  0x08001688     0x6  abort.o [3]
  .text              ro code  0x0800168e    0x22  zero_init3.o [5]
  .text              ro code  0x080016b0    0x2c  xgetmemchunk.o [3]
  .text              ro code  0x080016dc    0x14  exit.o [6]
  .text              ro code  0x080016f0   0xa9a  stm32f4xx_hal_dma.o [1]
  .text              ro code  0x0800218c   0x8c0  stm32f4xx_ll_usb.o [1]
  .text              ro code  0x08002a4c    0x88  stm32f4xx_hal.o [1]
  .text              ro code  0x08002ad4    0xe8  stm32f4xx_hal_cortex.o [1]
  .text              ro code  0x08002bbc   0x4d0  stm32f4xx_hal_rcc.o [1]
  .text              ro code  0x0800308c   0x71e  stm32f4xx_hal_pcd.o [1]
  .text              ro code  0x080037ac   0x1fc  usbd_conf.o [1]
  .text              ro code  0x080039a8    0x56  ABImemcpy_unaligned.o [5]
  .text              ro code  0x08003a00   0x1e4  stm32f4xx_hal_gpio.o [1]
  .text              ro code  0x08003be4   0x252  usbd_core.o [1]
  .text              ro code  0x08003e36    0x44  stm32f4xx_hal_pcd_ex.o [1]
  .text              ro code  0x08003e7c   0x360  main.o [1]
  .text              ro code  0x080041dc   0x3b2  usbd_ctlreq.o [1]
  .text              ro code  0x0800458e    0x60  usbd_ioreq.o [1]
  .text              ro code  0x080045f0   0x2f4  stm32f4xx_hal_adc.o [1]
  .text              ro code  0x080048e4    0xdc  stm32f4xx_hal_i2c.o [1]
  .text              ro code  0x080049c0   0x1b0  stm32f4xx_hal_i2s.o [1]
  .text              ro code  0x08004b70    0x84  stm32f4xx_hal_spi.o [1]
  .text              ro code  0x08004bf4    0x5a  cmsis_os.o [1]
  .text              ro code  0x08004c50   0x118  stm32f4xx_hal_rcc_ex.o [1]
  .text              ro code  0x08004d68    0x60  usbd_cdc_if.o [1]
  .text              ro code  0x08004dc8    0x38  usb_device.o [1]
  .text              ro code  0x08004e00   0x144  stm32f4xx_hal_msp.o [1]
  .text              ro code  0x08004f44   0x46c  tasks.o [1]
  .text              ro code  0x080053b0   0x232  usbd_cdc.o [1]
  CODE               ro code  0x080055e4    0x9c  portasm.o [1]
  .text              ro code  0x08005680   0x140  port.o [1]
  .text              ro code  0x080057c0    0x8e  list.o [1]
  .text              ro code  0x08005850   0x148  heap_4.o [1]
  .text              ro code  0x08005998    0x3a  ABImemset48.o [5]
  .text              ro code  0x080059d2    0xd2  packbits_init.o [5]
  .text              ro code  0x08005aa4    0xb0  usbd_desc.o [1]
  .text              ro code  0x08005b54    0x50  system_stm32f4xx.o [1]
  .text              ro code  0x08005ba4    0x4c  stm32f4xx_it.o [1]
  .text              ro code  0x08005bf0    0x28  data_init.o [5]
  .iar.init_table    const    0x08005c18    0x2c  - Linker created -
  .text              ro code  0x08005c44    0x1a  fpinit_M.o [4]
  .text              ro code  0x08005c60    0x1a  cmain.o [5]
  .text              ro code  0x08005c7a     0x4  low_level_init.o [3]
  .text              ro code  0x08005c7e     0x4  exit.o [3]
  .text              ro code  0x08005c84     0xa  cexit.o [5]
  .text              ro code  0x08005c90    0x10  startup_stm32f407xx.o [1]
  .rodata            const    0x08005ca0     0xc  main.o [1]
  .text              ro code  0x08005cac     0xc  cstartup_M.o [5]
  .text              ro code  0x08005cb8     0x4  startup_stm32f407xx.o [1]
  .text              ro code  0x08005cbc     0x4  startup_stm32f407xx.o [1]
  .text              ro code  0x08005cc0     0x4  startup_stm32f407xx.o [1]
  .text              ro code  0x08005cc4     0x4  startup_stm32f407xx.o [1]
  .text              ro code  0x08005cc8     0x4  startup_stm32f407xx.o [1]
  .text              ro code  0x08005ccc     0x4  startup_stm32f407xx.o [1]
  .text              ro code  0x08005cd0     0x4  startup_stm32f407xx.o [1]
  .text              ro code  0x08005cd4     0x4  startup_stm32f407xx.o [1]
  .text              ro code  0x08005cd8     0x4  startup_stm32f407xx.o [1]
  .text              ro code  0x08005cdc     0x4  startup_stm32f407xx.o [1]
  .text              ro code  0x08005ce0     0x4  startup_stm32f407xx.o [1]
  .text              ro code  0x08005ce4     0x4  startup_stm32f407xx.o [1]
  .text              ro code  0x08005ce8     0x4  startup_stm32f407xx.o [1]
  .text              ro code  0x08005cec     0x4  startup_stm32f407xx.o [1]
  .text              ro code  0x08005cf0     0x4  startup_stm32f407xx.o [1]
  .text              ro code  0x08005cf4     0x4  startup_stm32f407xx.o [1]
  .text              ro code  0x08005cf8     0x4  startup_stm32f407xx.o [1]
  .text              ro code  0x08005cfc     0x4  startup_stm32f407xx.o [1]
  .text              ro code  0x08005d00     0x4  startup_stm32f407xx.o [1]
  .text              ro code  0x08005d04     0x4  startup_stm32f407xx.o [1]
  .text              ro code  0x08005d08     0x4  startup_stm32f407xx.o [1]
  .text              ro code  0x08005d0c     0x4  startup_stm32f407xx.o [1]
  .text              ro code  0x08005d10     0x4  startup_stm32f407xx.o [1]
  .text              ro code  0x08005d14     0x4  startup_stm32f407xx.o [1]
  .text              ro code  0x08005d18     0x4  startup_stm32f407xx.o [1]
  .text              ro code  0x08005d1c     0x4  startup_stm32f407xx.o [1]
  .text              ro code  0x08005d20     0x4  startup_stm32f407xx.o [1]
  .text              ro code  0x08005d24     0x4  startup_stm32f407xx.o [1]
  .text              ro code  0x08005d28     0x4  startup_stm32f407xx.o [1]
  .text              ro code  0x08005d2c     0x4  startup_stm32f407xx.o [1]
  .text              ro code  0x08005d30     0x4  startup_stm32f407xx.o [1]
  .text              ro code  0x08005d34     0x4  startup_stm32f407xx.o [1]
  .text              ro code  0x08005d38     0x4  startup_stm32f407xx.o [1]
  .text              ro code  0x08005d3c     0x4  startup_stm32f407xx.o [1]
  .text              ro code  0x08005d40     0x4  startup_stm32f407xx.o [1]
  .text              ro code  0x08005d44     0x4  startup_stm32f407xx.o [1]
  .text              ro code  0x08005d48     0x4  startup_stm32f407xx.o [1]
  .text              ro code  0x08005d4c     0x4  startup_stm32f407xx.o [1]
  .text              ro code  0x08005d50     0x4  startup_stm32f407xx.o [1]
  .text              ro code  0x08005d54     0x4  startup_stm32f407xx.o [1]
  .text              ro code  0x08005d58     0x4  startup_stm32f407xx.o [1]
  .text              ro code  0x08005d5c     0x4  startup_stm32f407xx.o [1]
  .text              ro code  0x08005d60     0x4  startup_stm32f407xx.o [1]
  .text              ro code  0x08005d64     0x4  startup_stm32f407xx.o [1]
  .text              ro code  0x08005d68     0x4  startup_stm32f407xx.o [1]
  .text              ro code  0x08005d6c     0x4  startup_stm32f407xx.o [1]
  .text              ro code  0x08005d70     0x4  startup_stm32f407xx.o [1]
  .text              ro code  0x08005d74     0x4  startup_stm32f407xx.o [1]
  .text              ro code  0x08005d78     0x4  startup_stm32f407xx.o [1]
  .text              ro code  0x08005d7c     0x4  startup_stm32f407xx.o [1]
  .text              ro code  0x08005d80     0x4  startup_stm32f407xx.o [1]
  .text              ro code  0x08005d84     0x4  startup_stm32f407xx.o [1]
  .text              ro code  0x08005d88     0x4  startup_stm32f407xx.o [1]
  .text              ro code  0x08005d8c     0x4  startup_stm32f407xx.o [1]
  .text              ro code  0x08005d90     0x4  startup_stm32f407xx.o [1]
  .text              ro code  0x08005d94     0x4  startup_stm32f407xx.o [1]
  .text              ro code  0x08005d98     0x4  startup_stm32f407xx.o [1]
  .text              ro code  0x08005d9c     0x4  startup_stm32f407xx.o [1]
  .text              ro code  0x08005da0     0x4  startup_stm32f407xx.o [1]
  .text              ro code  0x08005da4     0x4  startup_stm32f407xx.o [1]
  .text              ro code  0x08005da8     0x4  startup_stm32f407xx.o [1]
  .text              ro code  0x08005dac     0x4  startup_stm32f407xx.o [1]
  .text              ro code  0x08005db0     0x4  startup_stm32f407xx.o [1]
  .text              ro code  0x08005db4     0x4  startup_stm32f407xx.o [1]
  .text              ro code  0x08005db8     0x4  startup_stm32f407xx.o [1]
  .text              ro code  0x08005dbc     0x4  startup_stm32f407xx.o [1]
  .text              ro code  0x08005dc0     0x4  startup_stm32f407xx.o [1]
  .text              ro code  0x08005dc4     0x4  startup_stm32f407xx.o [1]
  .text              ro code  0x08005dc8     0x4  startup_stm32f407xx.o [1]
  .text              ro code  0x08005dcc     0x4  startup_stm32f407xx.o [1]
  .text              ro code  0x08005dd0     0x4  startup_stm32f407xx.o [1]
  .text              ro code  0x08005dd4     0x4  startup_stm32f407xx.o [1]
  .text              ro code  0x08005dd8     0x4  startup_stm32f407xx.o [1]
  .text              ro code  0x08005ddc     0x4  startup_stm32f407xx.o [1]
  .text              ro code  0x08005de0     0x4  startup_stm32f407xx.o [1]
  .text              ro code  0x08005de4     0x4  startup_stm32f407xx.o [1]
  .text              ro code  0x08005de8     0x4  startup_stm32f407xx.o [1]
  .text              ro code  0x08005dec     0x4  startup_stm32f407xx.o [1]
  .text              ro code  0x08005df0     0x4  startup_stm32f407xx.o [1]
  .text              ro code  0x08005df4     0x4  startup_stm32f407xx.o [1]
  .text              ro code  0x08005df8     0x4  startup_stm32f407xx.o [1]
  .text              ro code  0x08005dfc     0x4  startup_stm32f407xx.o [1]
  .text              ro code  0x08005e00     0x4  startup_stm32f407xx.o [1]
  .text              ro code  0x08005e04     0x4  startup_stm32f407xx.o [1]
  .rodata            const    0x08005e08     0x0  zero_init3.o [5]
  .rodata            const    0x08005e08     0x0  packbits_init.o [5]
  Initializer bytes  ro data  0x08005e08   0x25e  <for P2 s0>
                            - 0x08006066  0x5ede

"P2":                                     0x8df8
  P2 s0                       0x20000000  0x3e24  <Init block>
    .data            inited   0x20000000  0x3c14  heap_4.o [1]
    .data            inited   0x20003c14    0x9c  tasks.o [1]
    .data            inited   0x20003cb0    0x44  usbd_cdc.o [1]
    .data            inited   0x20003cf4    0x44  usbd_cdc.o [1]
    .data            inited   0x20003d38    0x44  usbd_cdc.o [1]
    .data            inited   0x20003d7c    0x38  usbd_cdc.o [1]
    .data            inited   0x20003db4    0x1c  usbd_desc.o [1]
    .data            inited   0x20003dd0    0x14  system_stm32f4xx.o [1]
    .data            inited   0x20003de4    0x14  usbd_desc.o [1]
    .data            inited   0x20003df8    0x10  usbd_cdc_if.o [1]
    .data            inited   0x20003e08     0xc  port.o [1]
    .data            inited   0x20003e14     0xc  usbd_cdc.o [1]
    .data            inited   0x20003e20     0x4  usbd_desc.o [1]
  .bss               zero     0x20003e24   0x408  usbd_cdc_if.o [1]
  .bss               zero     0x2000422c   0x3b0  usbd_conf.o [1]
  .bss               zero     0x200045dc   0x224  usb_device.o [1]
  .bss               zero     0x20004800   0x200  usbd_desc.o [1]
  .bss               zero     0x20004a00   0x1d8  dlmalloc.o [3]
  .bss               zero     0x20004bd8    0xcc  main.o [1]
  .bss               zero     0x20004ca4    0x8c  tasks.o [1]
  .bss               zero     0x20004d30    0x54  main.o [1]
  .bss               zero     0x20004d84    0x50  main.o [1]
  .bss               zero     0x20004dd4    0x18  dlmalloc.o [3]
  .bss               zero     0x20004dec     0x4  stm32f4xx_hal.o [1]
  .bss               zero     0x20004df0     0x4  xgetmemchunk.o [3]
  .bss               zero     0x20004df4     0x1  usbd_ctlreq.o [1]
  CSTACK                      0x20004df8  0x2000  <Block>
    CSTACK           uninit   0x20004df8  0x2000  <Block tail>
  HEAP                        0x20006df8  0x2000  <Block>
    HEAP             uninit   0x20006df8  0x2000  <Block tail>
                            - 0x20008df8  0x8df8


*******************************************************************************
*** INIT TABLE
***

          Address     Size
          -------     ----
Zero (__iar_zero_init3)
    1 destination range, total size 0xfd1:
          0x20003e24   0xfd1

Copy/packbits (__iar_packbits_init3)
    1 source range, total size 0x25e (3% of destination):
          0x08005e08   0x25e
    1 destination range, total size 0x3e24:
          0x20000000  0x3e24



*******************************************************************************
*** MODULE SUMMARY
***

    Module                  ro code  ro data  rw data
    ------                  -------  -------  -------
\\vmware-host\Shared Folders\Documents\Developer\SniperLocator\spec_sensor 2\Projects\EWARM\spec_sensor Configuration\Obj: [1]
    cmsis_os.o                   90
    heap_4.o                    328      585   15 380
    list.o                      142
    main.o                      864       12      368
    port.o                      320        1       12
    portasm.o                   156
    startup_stm32f407xx.o       744
    stm32f4xx_hal.o             136                 4
    stm32f4xx_hal_adc.o         756
    stm32f4xx_hal_cortex.o      232
    stm32f4xx_hal_dma.o       2 714
    stm32f4xx_hal_gpio.o        484
    stm32f4xx_hal_i2c.o         220
    stm32f4xx_hal_i2s.o         432
    stm32f4xx_hal_msp.o         324
    stm32f4xx_hal_pcd.o       1 822
    stm32f4xx_hal_pcd_ex.o       68
    stm32f4xx_hal_rcc.o       1 232
    stm32f4xx_hal_rcc_ex.o      280
    stm32f4xx_hal_spi.o         132
    stm32f4xx_it.o               76
    stm32f4xx_ll_usb.o        2 240
    system_stm32f4xx.o           80        1       20
    tasks.o                   1 132        6      296
    usb_device.o                 56               548
    usbd_cdc.o                  562       10      272
    usbd_cdc_if.o                96             1 048
    usbd_conf.o                 508               944
    usbd_core.o                 594
    usbd_ctlreq.o               946                 1
    usbd_desc.o                 176        3      564
    usbd_ioreq.o                 96
    -------------------------------------------------
    Total:                   18 038      618   19 457

command line: [2]
    -------------------------------------------------
    Total:

dl7M_tlf.a: [3]
    abort.o                       6
    dlmalloc.o                5 376               496
    exit.o                        4
    low_level_init.o              4
    xgetmemchunk.o               44                 4
    -------------------------------------------------
    Total:                    5 434               500

m7M_tlv.a: [4]
    fpinit_M.o                   26
    -------------------------------------------------
    Total:                       26

rt7M_tl.a: [5]
    ABImemcpy_unaligned.o        86
    ABImemset48.o                58
    cexit.o                      10
    cmain.o                      26
    cstartup_M.o                 12
    data_init.o                  40
    packbits_init.o             210
    zero_init3.o                 34
    -------------------------------------------------
    Total:                      476

shb_l.a: [6]
    exit.o                       20
    -------------------------------------------------
    Total:                       20

    Gaps                         22
    Linker created                        44   16 384
-----------------------------------------------------
    Grand Total:             24 016      662   36 341


*******************************************************************************
*** ENTRY LIST
***

Entry                      Address    Size  Type      Object
-----                      -------    ----  ----      ------
?main                   0x08005c61          Code  Gb  cmain.o [5]
ADCConvValues           0x20004d30     0x8  Data  Gb  main.o [1]
ADC_DMAConvCplt         0x080048a5    0x1a  Code  Lc  stm32f4xx_hal_adc.o [1]
ADC_DMAError            0x080048cd    0x18  Code  Lc  stm32f4xx_hal_adc.o [1]
ADC_DMAHalfConvCplt     0x080048c1     0xa  Code  Lc  stm32f4xx_hal_adc.o [1]
ADC_Init                0x080047c1    0xda  Code  Lc  stm32f4xx_hal_adc.o [1]
AHBPrescTable           0x20003dd0    0x10  Data  Gb  system_stm32f4xx.o [1]
APBAHBPrescTable        0x0800307c    0x10  Data  Gb  stm32f4xx_hal_rcc.o [1]
CDC_Control_FS          0x08004d8d     0x4  Code  Lc  usbd_cdc_if.o [1]
CDC_DeInit_FS           0x08004d89     0x4  Code  Lc  usbd_cdc_if.o [1]
CDC_Init_FS             0x08004d69    0x20  Code  Lc  usbd_cdc_if.o [1]
CDC_Receive_FS          0x08004d91    0x18  Code  Lc  usbd_cdc_if.o [1]
CDC_Transmit_FS         0x08004da9    0x18  Code  Gb  usbd_cdc_if.o [1]
CSTACK$$Base            0x20004df8           --   Gb  - Linker created -
CSTACK$$Limit           0x20006df8           --   Gb  - Linker created -
DMA2_Stream0_IRQHandler
                        0x08005ba5    0x12  Code  Gb  stm32f4xx_it.o [1]
DMA_SetConfig           0x08002175    0x16  Code  Lc  stm32f4xx_hal_dma.o [1]
DataReceived            0x20003e24     0x2  Data  Gb  usbd_cdc_if.o [1]
EXTI0_IRQHandler        0x08005bb7    0x12  Code  Gb  stm32f4xx_it.o [1]
FS_Desc                 0x20003db4    0x1c  Data  Gb  usbd_desc.o [1]
HAL_ADC_ConfigChannel   0x080046af   0x112  Code  Gb  stm32f4xx_hal_adc.o [1]
HAL_ADC_ConvCpltCallback
                        0x0800413b    0x14  Code  Gb  main.o [1]
HAL_ADC_ConvHalfCpltCallback
                        0x080046ab     0x2  Code  Wk  stm32f4xx_hal_adc.o [1]
HAL_ADC_ErrorCallback   0x080046ad     0x2  Code  Wk  stm32f4xx_hal_adc.o [1]
HAL_ADC_Init            0x080045f1    0x32  Code  Gb  stm32f4xx_hal_adc.o [1]
HAL_ADC_MspInit         0x08004e01    0x6a  Code  Gb  stm32f4xx_hal_msp.o [1]
HAL_ADC_Start_DMA       0x08004623    0x88  Code  Gb  stm32f4xx_hal_adc.o [1]
HAL_DMA_IRQHandler      0x080017d1   0x956  Code  Gb  stm32f4xx_hal_dma.o [1]
HAL_DMA_Init            0x080016f1    0x6c  Code  Gb  stm32f4xx_hal_dma.o [1]
HAL_DMA_Start_IT        0x08001761    0x46  Code  Gb  stm32f4xx_hal_dma.o [1]
HAL_Delay               0x08002ab3    0x18  Code  Wk  stm32f4xx_hal.o [1]
HAL_GPIO_EXTI_Callback  0x0800414f     0x8  Code  Gb  main.o [1]
HAL_GPIO_EXTI_IRQHandler
                        0x08003b97    0x14  Code  Gb  stm32f4xx_hal_gpio.o [1]
HAL_GPIO_Init           0x08003a01   0x196  Code  Gb  stm32f4xx_hal_gpio.o [1]
HAL_GetTick             0x08002aad     0x6  Code  Wk  stm32f4xx_hal.o [1]
HAL_I2C_Init            0x080048e5    0xc0  Code  Gb  stm32f4xx_hal_i2c.o [1]
HAL_I2C_MspInit         0x08004e6b    0x32  Code  Gb  stm32f4xx_hal_msp.o [1]
HAL_I2S_Init            0x080049c1   0x190  Code  Gb  stm32f4xx_hal_i2s.o [1]
HAL_I2S_MspInit         0x08004e9d    0x2e  Code  Gb  stm32f4xx_hal_msp.o [1]
HAL_IncTick             0x08002aa3     0xa  Code  Wk  stm32f4xx_hal.o [1]
HAL_Init                0x08002a4d    0x30  Code  Gb  stm32f4xx_hal.o [1]
HAL_InitTick            0x08002a7f    0x24  Code  Wk  stm32f4xx_hal.o [1]
HAL_MspInit             0x08002a7d     0x2  Code  Wk  stm32f4xx_hal.o [1]
HAL_NVIC_ClearPendingIRQ
                        0x08002b93     0xc  Code  Gb  stm32f4xx_hal_cortex.o [1]
HAL_NVIC_EnableIRQ      0x08002b57     0xc  Code  Gb  stm32f4xx_hal_cortex.o [1]
HAL_NVIC_SetPriority    0x08002b13    0x44  Code  Gb  stm32f4xx_hal_cortex.o [1]
HAL_NVIC_SetPriorityGrouping
                        0x08002af9    0x1a  Code  Gb  stm32f4xx_hal_cortex.o [1]
HAL_PCDEx_SetRxFiFo     0x08003e73     0x8  Code  Gb  stm32f4xx_hal_pcd_ex.o [1]
HAL_PCDEx_SetTxFiFo     0x08003e37    0x3c  Code  Gb  stm32f4xx_hal_pcd_ex.o [1]
HAL_PCD_ConnectCallback
                        0x0800388f     0x8  Code  Gb  usbd_conf.o [1]
HAL_PCD_DataInStageCallback
                        0x08003837    0x10  Code  Gb  usbd_conf.o [1]
HAL_PCD_DataOutStageCallback
                        0x08003825    0x12  Code  Gb  usbd_conf.o [1]
HAL_PCD_DisconnectCallback
                        0x08003897     0x8  Code  Gb  usbd_conf.o [1]
HAL_PCD_EP_Close        0x0800358f    0x38  Code  Gb  stm32f4xx_hal_pcd.o [1]
HAL_PCD_EP_ClrStall     0x080036cf    0x44  Code  Gb  stm32f4xx_hal_pcd.o [1]
HAL_PCD_EP_GetRxCount   0x0800360d    0x12  Code  Gb  stm32f4xx_hal_pcd.o [1]
HAL_PCD_EP_Open         0x08003543    0x4c  Code  Gb  stm32f4xx_hal_pcd.o [1]
HAL_PCD_EP_Receive      0x080035d3    0x3a  Code  Gb  stm32f4xx_hal_pcd.o [1]
HAL_PCD_EP_SetStall     0x08003677    0x58  Code  Gb  stm32f4xx_hal_pcd.o [1]
HAL_PCD_EP_Transmit     0x0800361f    0x38  Code  Gb  stm32f4xx_hal_pcd.o [1]
HAL_PCD_IRQHandler      0x08003159   0x392  Code  Gb  stm32f4xx_hal_pcd.o [1]
HAL_PCD_ISOINIncompleteCallback
                        0x08003887     0x8  Code  Gb  usbd_conf.o [1]
HAL_PCD_ISOOUTIncompleteCallback
                        0x0800387f     0x8  Code  Gb  usbd_conf.o [1]
HAL_PCD_Init            0x0800308d    0xa6  Code  Gb  stm32f4xx_hal_pcd.o [1]
HAL_PCD_MspInit         0x080037ad    0x6c  Code  Gb  usbd_conf.o [1]
HAL_PCD_ResetCallback   0x0800384f    0x20  Code  Gb  usbd_conf.o [1]
HAL_PCD_ResumeCallback  0x08003877     0x8  Code  Gb  usbd_conf.o [1]
HAL_PCD_SOFCallback     0x08003847     0x8  Code  Gb  usbd_conf.o [1]
HAL_PCD_SetAddress      0x0800351f    0x1c  Code  Gb  stm32f4xx_hal_pcd.o [1]
HAL_PCD_SetupStageCallback
                        0x08003819     0xc  Code  Gb  usbd_conf.o [1]
HAL_PCD_Start           0x0800313d    0x1c  Code  Gb  stm32f4xx_hal_pcd.o [1]
HAL_PCD_SuspendCallback
                        0x0800386f     0x8  Code  Gb  usbd_conf.o [1]
HAL_RCCEx_PeriphCLKConfig
                        0x08004c51    0xfe  Code  Gb  stm32f4xx_hal_rcc_ex.o [1]
HAL_RCC_ClockConfig     0x08002e41   0x17e  Code  Gb  stm32f4xx_hal_rcc.o [1]
HAL_RCC_GetHCLKFreq     0x08003017    0x1e  Code  Gb  stm32f4xx_hal_rcc.o [1]
HAL_RCC_GetPCLK1Freq    0x08003035    0x14  Code  Gb  stm32f4xx_hal_rcc.o [1]
HAL_RCC_GetSysClockFreq
                        0x08002fcd    0x4a  Code  Gb  stm32f4xx_hal_rcc.o [1]
HAL_RCC_OscConfig       0x08002bbd   0x27c  Code  Gb  stm32f4xx_hal_rcc.o [1]
HAL_SPI_Init            0x08004b71    0x7a  Code  Gb  stm32f4xx_hal_spi.o [1]
HAL_SPI_MspInit         0x08004ee7    0x30  Code  Gb  stm32f4xx_hal_msp.o [1]
HAL_SYSTICK_Config      0x08002b6b    0x28  Code  Gb  stm32f4xx_hal_cortex.o [1]
HEAP$$Base              0x20006df8           --   Gb  - Linker created -
HEAP$$Limit             0x20008df8           --   Gb  - Linker created -
InStream_Read           0x080059d3    0x22  Code  Lc  packbits_init.o [5]
MX_GPIO_Init            0x08004037    0xd0  Code  Lc  main.o [1]
MX_USB_DEVICE_Init      0x08004dc9    0x38  Code  Gb  usb_device.o [1]
NVIC_GetPriorityGrouping
                        0x08002ad5     0xa  Code  Lc  stm32f4xx_hal_cortex.o [1]
NVIC_SetPriority        0x08002adf    0x1a  Code  Lc  stm32f4xx_hal_cortex.o [1]
OTG_FS_IRQHandler       0x08005bd7    0x12  Code  Gb  stm32f4xx_it.o [1]
PCD_WriteEmptyTxFifo    0x08003713    0x98  Code  Lc  stm32f4xx_hal_pcd.o [1]
PendSV_Handler          0x080055e5          Code  Gb  portasm.o [1]
Region$$Table$$Base     0x08005c18           --   Gb  - Linker created -
Region$$Table$$Limit    0x08005c44           --   Gb  - Linker created -
SVC_Handler             0x08005641          Code  Gb  portasm.o [1]
StartThread             0x08004157    0x2a  Code  Lc  main.o [1]
SysTick_Handler         0x08005bc9     0xe  Code  Gb  stm32f4xx_it.o [1]
SystemClock_Config      0x08003fc1    0x76  Code  Gb  main.o [1]
SystemCoreClock         0x20003de0     0x4  Data  Gb  system_stm32f4xx.o [1]
SystemInit              0x08005b55    0x3a  Code  Gb  system_stm32f4xx.o [1]
USBD_CDC                0x20003d7c    0x38  Data  Gb  usbd_cdc.o [1]
USBD_CDC_CfgFSDesc      0x20003cf4    0x44  Data  Gb  usbd_cdc.o [1]
USBD_CDC_CfgHSDesc      0x20003cb0    0x44  Data  Gb  usbd_cdc.o [1]
USBD_CDC_DataIn         0x080054c5    0x14  Code  Lc  usbd_cdc.o [1]
USBD_CDC_DataOut        0x080054d9    0x2e  Code  Lc  usbd_cdc.o [1]
USBD_CDC_DeInit         0x08005431    0x3a  Code  Lc  usbd_cdc.o [1]
USBD_CDC_DeviceQualifierDesc
                        0x20003e14     0xc  Data  Lc  usbd_cdc.o [1]
USBD_CDC_EP0_RxReady    0x08005507    0x2c  Code  Lc  usbd_cdc.o [1]
USBD_CDC_GetDeviceQualifierDescriptor
                        0x0800554b     0x8  Code  Gb  usbd_cdc.o [1]
USBD_CDC_GetFSCfgDesc   0x08005533     0x8  Code  Lc  usbd_cdc.o [1]
USBD_CDC_GetHSCfgDesc   0x0800553b     0x8  Code  Lc  usbd_cdc.o [1]
USBD_CDC_GetOtherSpeedCfgDesc
                        0x08005543     0x8  Code  Lc  usbd_cdc.o [1]
USBD_CDC_Init           0x080053b1    0x76  Code  Lc  usbd_cdc.o [1]
USBD_CDC_OtherSpeedCfgDesc
                        0x20003d38    0x44  Data  Gb  usbd_cdc.o [1]
USBD_CDC_ReceivePacket  0x080055bd    0x26  Code  Gb  usbd_cdc.o [1]
USBD_CDC_RegisterInterface
                        0x08005565     0xe  Code  Gb  usbd_cdc.o [1]
USBD_CDC_SetRxBuffer    0x08005583     0xc  Code  Gb  usbd_cdc.o [1]
USBD_CDC_SetTxBuffer    0x08005573    0x10  Code  Gb  usbd_cdc.o [1]
USBD_CDC_Setup          0x0800546b    0x5a  Code  Lc  usbd_cdc.o [1]
USBD_CDC_TransmitPacket
                        0x0800558f    0x2e  Code  Gb  usbd_cdc.o [1]
USBD_ClrClassConfig     0x08003c3f     0xa  Code  Gb  usbd_core.o [1]
USBD_CtlContinueRx      0x080045bf     0x2  Code  Gb  usbd_ioreq.o [1]
USBD_CtlContinueSendData
                        0x0800459d     0x2  Code  Gb  usbd_ioreq.o [1]
USBD_CtlError           0x08004535    0x16  Code  Gb  usbd_ctlreq.o [1]
USBD_CtlPrepareRx       0x080045ad    0x12  Code  Gb  usbd_ioreq.o [1]
USBD_CtlReceiveStatus   0x080045d9     0xa  Code  Gb  usbd_ioreq.o [1]
USBD_CtlSendData        0x0800458f     0xe  Code  Gb  usbd_ioreq.o [1]
USBD_CtlSendStatus      0x080045cf     0xa  Code  Gb  usbd_ioreq.o [1]
USBD_FS_ConfigStrDescriptor
                        0x08005add     0xa  Code  Gb  usbd_desc.o [1]
USBD_FS_DeviceDesc      0x20003de4    0x14  Data  Gb  usbd_desc.o [1]
USBD_FS_DeviceDescriptor
                        0x08005aa5     0x8  Code  Gb  usbd_desc.o [1]
USBD_FS_InterfaceStrDescriptor
                        0x08005ae7     0xa  Code  Gb  usbd_desc.o [1]
USBD_FS_LangIDStrDescriptor
                        0x08005aad     0x8  Code  Gb  usbd_desc.o [1]
USBD_FS_ManufacturerStrDescriptor
                        0x08005abf     0x8  Code  Gb  usbd_desc.o [1]
USBD_FS_ProductStrDescriptor
                        0x08005ab5     0xa  Code  Gb  usbd_desc.o [1]
USBD_FS_SerialStrDescriptor
                        0x08005ad3     0xa  Code  Gb  usbd_desc.o [1]
USBD_GetDescriptor      0x08004415    0xea  Code  Lc  usbd_ctlreq.o [1]
USBD_GetString          0x0800454b    0x44  Code  Gb  usbd_ctlreq.o [1]
USBD_Init               0x08003be5    0x2a  Code  Gb  usbd_core.o [1]
USBD_Interface_fops_FS  0x20003df8    0x10  Data  Gb  usbd_cdc_if.o [1]
USBD_LL_ClearStallEP    0x0800394b     0xe  Code  Gb  usbd_conf.o [1]
USBD_LL_CloseEP         0x0800392f     0xe  Code  Gb  usbd_conf.o [1]
USBD_LL_DataInStage     0x08003d07    0x90  Code  Gb  usbd_core.o [1]
USBD_LL_DataOutStage    0x08003ca1    0x66  Code  Gb  usbd_core.o [1]
USBD_LL_DevConnected    0x08003e1b     0x4  Code  Gb  usbd_core.o [1]
USBD_LL_DevDisconnected
                        0x08003e1f    0x12  Code  Gb  usbd_core.o [1]
USBD_LL_GetRxDataSize   0x080039a1     0x8  Code  Gb  usbd_conf.o [1]
USBD_LL_Init            0x0800389f    0x60  Code  Gb  usbd_conf.o [1]
USBD_LL_IsStallEP       0x08003959    0x1e  Code  Gb  usbd_conf.o [1]
USBD_LL_IsoINIncomplete
                        0x08003e13     0x4  Code  Gb  usbd_core.o [1]
USBD_LL_IsoOUTIncomplete
                        0x08003e17     0x4  Code  Gb  usbd_core.o [1]
USBD_LL_OpenEP          0x0800391b    0x14  Code  Gb  usbd_conf.o [1]
USBD_LL_PrepareReceive  0x08003993     0xe  Code  Gb  usbd_conf.o [1]
USBD_LL_Reset           0x08003d97    0x42  Code  Gb  usbd_core.o [1]
USBD_LL_Resume          0x08003deb     0x4  Code  Gb  usbd_core.o [1]
USBD_LL_SOF             0x08003df7    0x1c  Code  Gb  usbd_core.o [1]
USBD_LL_SetSpeed        0x08003dd9     0x6  Code  Gb  usbd_core.o [1]
USBD_LL_SetUSBAddress   0x08003977     0xe  Code  Gb  usbd_conf.o [1]
USBD_LL_SetupStage      0x08003c49    0x58  Code  Gb  usbd_core.o [1]
USBD_LL_StallEP         0x0800393d     0xe  Code  Gb  usbd_conf.o [1]
USBD_LL_Start           0x0800390d     0xe  Code  Gb  usbd_conf.o [1]
USBD_LL_Suspend         0x08003ddf     0xc  Code  Gb  usbd_core.o [1]
USBD_LL_Transmit        0x08003985     0xe  Code  Gb  usbd_conf.o [1]
USBD_LangIDDesc         0x20003e20     0x4  Data  Gb  usbd_desc.o [1]
USBD_ParseSetupRequest  0x0800450d    0x28  Code  Gb  usbd_ctlreq.o [1]
USBD_RegisterClass      0x08003c0f    0x10  Code  Gb  usbd_core.o [1]
USBD_SetClassConfig     0x08003c29    0x16  Code  Gb  usbd_core.o [1]
USBD_Start              0x08003c1f     0xa  Code  Gb  usbd_core.o [1]
USBD_StdDevReq          0x080041dd   0x13c  Code  Gb  usbd_ctlreq.o [1]
USBD_StdEPReq           0x08004355    0xbe  Code  Gb  usbd_ctlreq.o [1]
USBD_StdItfReq          0x0800431d    0x32  Code  Gb  usbd_ctlreq.o [1]
USBD_StrDesc            0x20004800   0x200  Data  Gb  usbd_desc.o [1]
USB_ActivateEndpoint    0x080023c9    0x78  Code  Gb  stm32f4xx_ll_usb.o [1]
USB_ActivateSetup       0x080029a9    0x2e  Code  Gb  stm32f4xx_ll_usb.o [1]
USB_CoreInit            0x0800218d    0x6e  Code  Gb  stm32f4xx_ll_usb.o [1]
USB_CoreReset           0x08002a07    0x2a  Code  Lc  stm32f4xx_ll_usb.o [1]
USB_DeactivateEndpoint  0x08002441    0x62  Code  Gb  stm32f4xx_ll_usb.o [1]
USB_DevConnect          0x08002921     0xe  Code  Gb  stm32f4xx_ll_usb.o [1]
USB_DevDisconnect       0x0800292f     0xc  Code  Gb  stm32f4xx_ll_usb.o [1]
USB_DevInit             0x08002235   0x122  Code  Gb  stm32f4xx_ll_usb.o [1]
USB_DisableGlobalInt    0x08002203     0x6  Code  Gb  stm32f4xx_ll_usb.o [1]
USB_EP0StartXfer        0x080026d3   0x134  Code  Gb  stm32f4xx_ll_usb.o [1]
USB_EP0_OutStart        0x080029d7    0x30  Code  Gb  stm32f4xx_ll_usb.o [1]
USB_EPClearStall        0x080028ab    0x5a  Code  Gb  stm32f4xx_ll_usb.o [1]
USB_EPSetStall          0x0800285d    0x4e  Code  Gb  stm32f4xx_ll_usb.o [1]
USB_EPStartXfer         0x080024a3   0x230  Code  Gb  stm32f4xx_ll_usb.o [1]
USB_EnableGlobalInt     0x080021fb     0x8  Code  Gb  stm32f4xx_ll_usb.o [1]
USB_FlushRxFifo         0x08002375    0x1a  Code  Gb  stm32f4xx_ll_usb.o [1]
USB_FlushTxFifo         0x08002357    0x1e  Code  Gb  stm32f4xx_ll_usb.o [1]
USB_GetDevSpeed         0x08002395    0x34  Code  Gb  stm32f4xx_ll_usb.o [1]
USB_GetMode             0x080029a1     0x8  Code  Gb  stm32f4xx_ll_usb.o [1]
USB_ReadDevAllInEpInterrupt
                        0x0800295d     0xe  Code  Gb  stm32f4xx_ll_usb.o [1]
USB_ReadDevAllOutEpInterrupt
                        0x0800294f     0xe  Code  Gb  stm32f4xx_ll_usb.o [1]
USB_ReadDevInEPInterrupt
                        0x0800297f    0x22  Code  Gb  stm32f4xx_ll_usb.o [1]
USB_ReadDevOutEPInterrupt
                        0x0800296b    0x14  Code  Gb  stm32f4xx_ll_usb.o [1]
USB_ReadInterrupts      0x08002947     0x8  Code  Gb  stm32f4xx_ll_usb.o [1]
USB_ReadPacket          0x08002839    0x24  Code  Gb  stm32f4xx_ll_usb.o [1]
USB_SetCurrentMode      0x0800220f    0x26  Code  Gb  stm32f4xx_ll_usb.o [1]
USB_SetDevAddress       0x08002905    0x12  Code  Gb  stm32f4xx_ll_usb.o [1]
USB_SetDevSpeed         0x0800238f     0x6  Code  Gb  stm32f4xx_ll_usb.o [1]
USB_WritePacket         0x0800280d    0x2c  Code  Gb  stm32f4xx_ll_usb.o [1]
UserRxBufferFS          0x20003e2c   0x200  Data  Gb  usbd_cdc_if.o [1]
UserTxBufferFS          0x2000402c   0x200  Data  Gb  usbd_cdc_if.o [1]
__aeabi_memset4         0x08005999          Code  Gb  ABImemset48.o [5]
__aeabi_memset8         0x08005999          Code  Gb  ABImemset48.o [5]
__as_entries_start      0xffffffff           --   Gb  command line/config [2]
__as_table_start        0xffffffff           --   Gb  command line/config [2]
__cmain                 0x08005c61          Code  Gb  cmain.o [5]
__data_GetMemChunk      0x080016b1    0x2c  Code  Gb  xgetmemchunk.o [3]
__exit                  0x080016dd    0x14  Code  Gb  exit.o [6]
__iar_Memset4_word      0x080059a1          Code  Gb  ABImemset48.o [5]
__iar_Memset8_word      0x080059a1          Code  Gb  ABImemset48.o [5]
__iar_data_init3        0x08005bf1    0x28  Code  Gb  data_init.o [5]
__iar_dlfree            0x08001171   0x510  Code  Gb  dlmalloc.o [3]
__iar_dlmalloc          0x08000ebb   0x2aa  Code  Gb  dlmalloc.o [3]
__iar_gm_               0x20004a00   0x1d8  Data  Gb  dlmalloc.o [3]
__iar_init_vfp          0x08005c45          Code  Gb  fpinit_M.o [4]
__iar_packbits_init3    0x080059f5    0xb0  Code  Gb  packbits_init.o [5]
__iar_program_start     0x08005cad          Code  Gb  cstartup_M.o [5]
__iar_unaligned___aeabi_memcpy4
                        0x080039a9          Code  Gb  ABImemcpy_unaligned.o [5]
__iar_unaligned___aeabi_memcpy8
                        0x080039a9          Code  Gb  ABImemcpy_unaligned.o [5]
__iar_zero_init3        0x0800168f    0x22  Code  Gb  zero_init3.o [5]
__low_level_init        0x08005c7b     0x4  Code  Gb  low_level_init.o [3]
__vector_table          0x08000000          Data  Gb  startup_stm32f407xx.o [1]
_call_main              0x08005c6d          Code  Gb  cmain.o [5]
_exit                   0x08005c85          Code  Gb  cexit.o [5]
_main                   0x08005c77          Code  Gb  cmain.o [5]
abort                   0x08001689     0x6  Code  Gb  abort.o [3]
exit                    0x08005c7f     0x4  Code  Gb  exit.o [3]
hUsbDeviceFS            0x200045dc   0x224  Data  Gb  usb_device.o [1]
hUsbDevice_0            0x20003e28     0x4  Data  Gb  usbd_cdc_if.o [1]
hadc1                   0x20004d40    0x44  Data  Gb  main.o [1]
hdma_adc1               0x20004d84    0x50  Data  Gb  main.o [1]
hi2c1                   0x20004c2c    0x38  Data  Gb  main.o [1]
hi2s3                   0x20004c64    0x40  Data  Gb  main.o [1]
hpcd_USB_OTG_FS         0x2000422c   0x3b0  Data  Gb  usbd_conf.o [1]
hspi1                   0x20004bd8    0x54  Data  Gb  main.o [1]
init_mparams            0x080001a3    0x32  Code  Lc  dlmalloc.o [3]
init_top                0x080001d5    0x34  Code  Lc  dlmalloc.o [3]
main                    0x08003e7d   0x136  Code  Gb  main.o [1]
makeFreeRtosPriority    0x08004bf5     0xc  Code  Lc  cmsis_os.o [1]
mparams                 0x20004dd4    0x18  Data  Lc  dlmalloc.o [3]
osDelay                 0x08004c41     0xe  Code  Gb  cmsis_os.o [1]
osKernelStart           0x08004c01    0x10  Code  Gb  cmsis_os.o [1]
osThreadCreate          0x08004c11    0x30  Code  Gb  cmsis_os.o [1]
prepend_alloc           0x08000209   0x36e  Code  Lc  dlmalloc.o [3]
prvAddCurrentTaskToDelayedList
                        0x0800533b    0x30  Code  Lc  tasks.o [1]
prvAllocateTCBAndStack  0x0800536b    0x36  Code  Lc  tasks.o [1]
prvIdleTask             0x0800529d    0x56  Code  Lc  tasks.o [1]
prvInitialiseTCBVariables
                        0x080052f3    0x48  Code  Lc  tasks.o [1]
prvInsertBlockIntoFreeList
                        0x0800594d    0x46  Code  Lc  heap_4.o [1]
prvTaskExitError        0x080056a5    0x18  Code  Lc  port.o [1]
pvPortMalloc            0x08005851    0xba  Code  Gb  heap_4.o [1]
pxCurrentTCB            0x20003c3c     0x4  Data  Gb  tasks.o [1]
pxDelayedTaskList       0x20003c40     0x4  Data  Lc  tasks.o [1]
pxEnd                   0x20000008     0x4  Data  Lc  heap_4.o [1]
pxOverflowDelayedTaskList
                        0x20003c44     0x4  Data  Lc  tasks.o [1]
pxPortInitialiseStack   0x08005681    0x24  Code  Gb  port.o [1]
pxReadyTasksLists       0x20004ca4    0x8c  Data  Lc  tasks.o [1]
segment_holding         0x08000189    0x1a  Code  Lc  dlmalloc.o [3]
startConversion         0x20004d3e     0x2  Data  Gb  main.o [1]
sys_alloc               0x08000577   0x38c  Code  Lc  dlmalloc.o [3]
tmalloc_large           0x08000911   0x39a  Code  Lc  dlmalloc.o [3]
tmalloc_small           0x08000cab   0x210  Code  Lc  dlmalloc.o [3]
ucHeap                  0x20000014  0x3c00  Data  Lc  heap_4.o [1]
ucMaxSysCallPriority    0x20003e08     0x1  Data  Lc  port.o [1]
ulMaxPRIGROUPValue      0x20003e10     0x4  Data  Lc  port.o [1]
ulPortSetInterruptMask  0x0800562d          Code  Gb  portasm.o [1]
uwTick                  0x20004dec     0x4  Data  Lc  stm32f4xx_hal.o [1]
uxCriticalNesting       0x20003e0c     0x4  Data  Lc  port.o [1]
uxCurrentNumberOfTasks  0x20003c60     0x4  Data  Lc  tasks.o [1]
uxListRemove            0x0800582b    0x24  Code  Gb  list.o [1]
uxPendedTicks           0x20003c74     0x4  Data  Lc  tasks.o [1]
uxSchedulerSuspended    0x20003c70     0x4  Data  Lc  tasks.o [1]
uxTaskNumber            0x20003c80     0x4  Data  Lc  tasks.o [1]
uxTasksDeleted          0x20003c48     0x4  Data  Lc  tasks.o [1]
uxTopReadyPriority      0x20003c68     0x4  Data  Lc  tasks.o [1]
vListInitialise         0x080057c1    0x1a  Code  Gb  list.o [1]
vListInitialiseItem     0x080057db     0x6  Code  Gb  list.o [1]
vListInsert             0x080057f9    0x32  Code  Gb  list.o [1]
vListInsertEnd          0x080057e1    0x18  Code  Gb  list.o [1]
vPortClearInterruptMask
                        0x0800563b          Code  Gb  portasm.o [1]
vPortEnableVFP          0x08005667          Code  Gb  portasm.o [1]
vPortEnterCritical      0x08005741    0x18  Code  Gb  port.o [1]
vPortExitCritical       0x08005759    0x12  Code  Gb  port.o [1]
vPortFree               0x0800590b    0x42  Code  Gb  heap_4.o [1]
vPortSetupTimerInterrupt
                        0x08005789    0x18  Code  Wk  port.o [1]
vPortStartFirstTask     0x08005659          Code  Gb  portasm.o [1]
vPortYield              0x0800572f    0x12  Code  Gb  port.o [1]
vTaskDelay              0x08005057    0x2e  Code  Gb  tasks.o [1]
vTaskStartScheduler     0x08005085    0x4a  Code  Gb  tasks.o [1]
vTaskSuspendAll         0x080050cf     0xc  Code  Gb  tasks.o [1]
vTaskSwitchContext      0x0800523f    0x56  Code  Gb  tasks.o [1]
value1                  0x20004d38     0x2  Data  Gb  main.o [1]
value2                  0x20004d3a     0x2  Data  Gb  main.o [1]
value3                  0x20004d3c     0x2  Data  Gb  main.o [1]
xBlockAllocatedBit      0x20000010     0x4  Data  Lc  heap_4.o [1]
xDelayedTaskList1       0x20003c88    0x14  Data  Lc  tasks.o [1]
xDelayedTaskList2       0x20003c9c    0x14  Data  Lc  tasks.o [1]
xFreeBytesRemaining     0x2000000c     0x4  Data  Lc  heap_4.o [1]
xNextTaskUnblockTime    0x20003c84     0x4  Data  Lc  tasks.o [1]
xNumOfOverflows         0x20003c7c     0x4  Data  Lc  tasks.o [1]
xPendingReadyList       0x20003c14    0x14  Data  Lc  tasks.o [1]
xPortStartScheduler     0x080056bd    0x72  Code  Gb  port.o [1]
xPortSysTickHandler     0x0800576b    0x1e  Code  Gb  port.o [1]
xSchedulerRunning       0x20003c6c     0x4  Data  Lc  tasks.o [1]
xStart                  0x20000000     0x8  Data  Lc  heap_4.o [1]
xSuspendedTaskList      0x20003c4c    0x14  Data  Lc  tasks.o [1]
xTaskGenericCreate      0x08004f45   0x112  Code  Gb  tasks.o [1]
xTaskIncrementTick      0x0800516f    0xd0  Code  Gb  tasks.o [1]
xTaskResumeAll          0x080050db    0x94  Code  Gb  tasks.o [1]
xTasksWaitingTermination
                        0x20003c28    0x14  Data  Lc  tasks.o [1]
xTickCount              0x20003c64     0x4  Data  Lc  tasks.o [1]
xYieldPending           0x20003c78     0x4  Data  Lc  tasks.o [1]


[1] = \\vmware-host\Shared Folders\Documents\Developer\SniperLocator\spec_sensor 2\Projects\EWARM\spec_sensor Configuration\Obj
[2] = command line
[3] = dl7M_tlf.a
[4] = m7M_tlv.a
[5] = rt7M_tl.a
[6] = shb_l.a

  24 016 bytes of readonly  code memory
     662 bytes of readonly  data memory
  36 341 bytes of readwrite data memory

Errors: none
Warnings: none
